Archive member included because of file (symbol)

/home/charles/arduino/ArduinoUnoFreeRTOS/Release/libArduinoUnoFreeRTOS.a(tasks.o)
                              ./main.o (xTaskGenericCreate)
/home/charles/arduino/ArduinoUnoFreeRTOS/Release/libArduinoUnoFreeRTOS.a(heap_1.o)
                              /home/charles/arduino/ArduinoUnoFreeRTOS/Release/libArduinoUnoFreeRTOS.a(tasks.o) (pvPortMalloc)
/home/charles/arduino/ArduinoUnoFreeRTOS/Release/libArduinoUnoFreeRTOS.a(port.o)
                              /home/charles/arduino/ArduinoUnoFreeRTOS/Release/libArduinoUnoFreeRTOS.a(tasks.o) (pxPortInitialiseStack)
/home/charles/arduino/ArduinoUnoFreeRTOS/Release/libArduinoUnoFreeRTOS.a(list.o)
                              /home/charles/arduino/ArduinoUnoFreeRTOS/Release/libArduinoUnoFreeRTOS.a(tasks.o) (vListInitialise)
/usr/lib/gcc/avr/4.8.1/avr5/libgcc.a(_exit.o)
                              /usr/lib/gcc/avr/4.8.1/../../../avr/lib/avr5/crtm328p.o (exit)
/usr/lib/gcc/avr/4.8.1/avr5/libgcc.a(_copy_data.o)
                              ./main.o (__do_copy_data)
/usr/lib/gcc/avr/4.8.1/avr5/libgcc.a(_clear_bss.o)
                              /home/charles/arduino/ArduinoUnoFreeRTOS/Release/libArduinoUnoFreeRTOS.a(tasks.o) (__do_clear_bss)

Discarded input sections

 .data          0x0000000000000000        0x0 /usr/lib/gcc/avr/4.8.1/../../../avr/lib/avr5/crtm328p.o
 .bss           0x0000000000000000        0x0 /usr/lib/gcc/avr/4.8.1/../../../avr/lib/avr5/crtm328p.o
 .text          0x0000000000000000        0x0 ./main.o
 .data          0x0000000000000000        0x0 ./main.o
 .bss           0x0000000000000000        0x0 ./main.o
 .text._Z29vApplicationStackOverflowHookPvPc
                0x0000000000000000       0x2e ./main.o
 .text          0x0000000000000000        0x0 /home/charles/arduino/ArduinoUnoFreeRTOS/Release/libArduinoUnoFreeRTOS.a(tasks.o)
 .data          0x0000000000000000        0x0 /home/charles/arduino/ArduinoUnoFreeRTOS/Release/libArduinoUnoFreeRTOS.a(tasks.o)
 .bss           0x0000000000000000        0x0 /home/charles/arduino/ArduinoUnoFreeRTOS/Release/libArduinoUnoFreeRTOS.a(tasks.o)
 .text.vTaskDelete
                0x0000000000000000       0x8e /home/charles/arduino/ArduinoUnoFreeRTOS/Release/libArduinoUnoFreeRTOS.a(tasks.o)
 .text.vTaskEndScheduler
                0x0000000000000000        0xa /home/charles/arduino/ArduinoUnoFreeRTOS/Release/libArduinoUnoFreeRTOS.a(tasks.o)
 .text.xTaskGetTickCountFromISR
                0x0000000000000000        0xa /home/charles/arduino/ArduinoUnoFreeRTOS/Release/libArduinoUnoFreeRTOS.a(tasks.o)
 .text.uxTaskGetNumberOfTasks
                0x0000000000000000        0x6 /home/charles/arduino/ArduinoUnoFreeRTOS/Release/libArduinoUnoFreeRTOS.a(tasks.o)
 .text.vTaskDelay
                0x0000000000000000       0x4a /home/charles/arduino/ArduinoUnoFreeRTOS/Release/libArduinoUnoFreeRTOS.a(tasks.o)
 .text.vTaskPlaceOnEventList
                0x0000000000000000       0x38 /home/charles/arduino/ArduinoUnoFreeRTOS/Release/libArduinoUnoFreeRTOS.a(tasks.o)
 .text.vTaskPlaceOnUnorderedEventList
                0x0000000000000000       0x46 /home/charles/arduino/ArduinoUnoFreeRTOS/Release/libArduinoUnoFreeRTOS.a(tasks.o)
 .text.xTaskRemoveFromEventList
                0x0000000000000000       0x80 /home/charles/arduino/ArduinoUnoFreeRTOS/Release/libArduinoUnoFreeRTOS.a(tasks.o)
 .text.xTaskRemoveFromUnorderedEventList
                0x0000000000000000       0x68 /home/charles/arduino/ArduinoUnoFreeRTOS/Release/libArduinoUnoFreeRTOS.a(tasks.o)
 .text.vTaskSetTimeOutState
                0x0000000000000000       0x16 /home/charles/arduino/ArduinoUnoFreeRTOS/Release/libArduinoUnoFreeRTOS.a(tasks.o)
 .text.xTaskCheckForTimeOut
                0x0000000000000000       0x58 /home/charles/arduino/ArduinoUnoFreeRTOS/Release/libArduinoUnoFreeRTOS.a(tasks.o)
 .text.vTaskMissedYield
                0x0000000000000000        0x8 /home/charles/arduino/ArduinoUnoFreeRTOS/Release/libArduinoUnoFreeRTOS.a(tasks.o)
 .text.uxTaskResetEventItemValue
                0x0000000000000000       0x2e /home/charles/arduino/ArduinoUnoFreeRTOS/Release/libArduinoUnoFreeRTOS.a(tasks.o)
 .text.ulTaskNotifyTake
                0x0000000000000000       0xc6 /home/charles/arduino/ArduinoUnoFreeRTOS/Release/libArduinoUnoFreeRTOS.a(tasks.o)
 .text.xTaskNotifyWait
                0x0000000000000000      0x146 /home/charles/arduino/ArduinoUnoFreeRTOS/Release/libArduinoUnoFreeRTOS.a(tasks.o)
 .text.xTaskGenericNotify
                0x0000000000000000       0xe2 /home/charles/arduino/ArduinoUnoFreeRTOS/Release/libArduinoUnoFreeRTOS.a(tasks.o)
 .text.xTaskNotifyFromISR
                0x0000000000000000       0xd6 /home/charles/arduino/ArduinoUnoFreeRTOS/Release/libArduinoUnoFreeRTOS.a(tasks.o)
 .text.vTaskNotifyGiveFromISR
                0x0000000000000000       0x9e /home/charles/arduino/ArduinoUnoFreeRTOS/Release/libArduinoUnoFreeRTOS.a(tasks.o)
 .text          0x0000000000000000        0x0 /home/charles/arduino/ArduinoUnoFreeRTOS/Release/libArduinoUnoFreeRTOS.a(heap_1.o)
 .data          0x0000000000000000        0x0 /home/charles/arduino/ArduinoUnoFreeRTOS/Release/libArduinoUnoFreeRTOS.a(heap_1.o)
 .bss           0x0000000000000000        0x0 /home/charles/arduino/ArduinoUnoFreeRTOS/Release/libArduinoUnoFreeRTOS.a(heap_1.o)
 .text.vPortInitialiseBlocks
                0x0000000000000000        0xa /home/charles/arduino/ArduinoUnoFreeRTOS/Release/libArduinoUnoFreeRTOS.a(heap_1.o)
 .text.xPortGetFreeHeapSize
                0x0000000000000000       0x12 /home/charles/arduino/ArduinoUnoFreeRTOS/Release/libArduinoUnoFreeRTOS.a(heap_1.o)
 .text          0x0000000000000000        0x0 /home/charles/arduino/ArduinoUnoFreeRTOS/Release/libArduinoUnoFreeRTOS.a(port.o)
 .data          0x0000000000000000        0x0 /home/charles/arduino/ArduinoUnoFreeRTOS/Release/libArduinoUnoFreeRTOS.a(port.o)
 .bss           0x0000000000000000        0x0 /home/charles/arduino/ArduinoUnoFreeRTOS/Release/libArduinoUnoFreeRTOS.a(port.o)
 .text.vPortEndScheduler
                0x0000000000000000        0x2 /home/charles/arduino/ArduinoUnoFreeRTOS/Release/libArduinoUnoFreeRTOS.a(port.o)
 .text          0x0000000000000000        0x0 /home/charles/arduino/ArduinoUnoFreeRTOS/Release/libArduinoUnoFreeRTOS.a(list.o)
 .data          0x0000000000000000        0x0 /home/charles/arduino/ArduinoUnoFreeRTOS/Release/libArduinoUnoFreeRTOS.a(list.o)
 .bss           0x0000000000000000        0x0 /home/charles/arduino/ArduinoUnoFreeRTOS/Release/libArduinoUnoFreeRTOS.a(list.o)
 .text          0x0000000000000000        0x0 /usr/lib/gcc/avr/4.8.1/avr5/libgcc.a(_exit.o)
 .data          0x0000000000000000        0x0 /usr/lib/gcc/avr/4.8.1/avr5/libgcc.a(_exit.o)
 .bss           0x0000000000000000        0x0 /usr/lib/gcc/avr/4.8.1/avr5/libgcc.a(_exit.o)
 .text.libgcc.mul
                0x0000000000000000        0x0 /usr/lib/gcc/avr/4.8.1/avr5/libgcc.a(_exit.o)
 .text.libgcc.div
                0x0000000000000000        0x0 /usr/lib/gcc/avr/4.8.1/avr5/libgcc.a(_exit.o)
 .text.libgcc   0x0000000000000000        0x0 /usr/lib/gcc/avr/4.8.1/avr5/libgcc.a(_exit.o)
 .text.libgcc.prologue
                0x0000000000000000        0x0 /usr/lib/gcc/avr/4.8.1/avr5/libgcc.a(_exit.o)
 .text.libgcc.builtins
                0x0000000000000000        0x0 /usr/lib/gcc/avr/4.8.1/avr5/libgcc.a(_exit.o)
 .text.libgcc.fmul
                0x0000000000000000        0x0 /usr/lib/gcc/avr/4.8.1/avr5/libgcc.a(_exit.o)
 .text.libgcc.fixed
                0x0000000000000000        0x0 /usr/lib/gcc/avr/4.8.1/avr5/libgcc.a(_exit.o)
 .text          0x0000000000000000        0x0 /usr/lib/gcc/avr/4.8.1/avr5/libgcc.a(_copy_data.o)
 .data          0x0000000000000000        0x0 /usr/lib/gcc/avr/4.8.1/avr5/libgcc.a(_copy_data.o)
 .bss           0x0000000000000000        0x0 /usr/lib/gcc/avr/4.8.1/avr5/libgcc.a(_copy_data.o)
 .text.libgcc.mul
                0x0000000000000000        0x0 /usr/lib/gcc/avr/4.8.1/avr5/libgcc.a(_copy_data.o)
 .text.libgcc.div
                0x0000000000000000        0x0 /usr/lib/gcc/avr/4.8.1/avr5/libgcc.a(_copy_data.o)
 .text.libgcc   0x0000000000000000        0x0 /usr/lib/gcc/avr/4.8.1/avr5/libgcc.a(_copy_data.o)
 .text.libgcc.prologue
                0x0000000000000000        0x0 /usr/lib/gcc/avr/4.8.1/avr5/libgcc.a(_copy_data.o)
 .text.libgcc.builtins
                0x0000000000000000        0x0 /usr/lib/gcc/avr/4.8.1/avr5/libgcc.a(_copy_data.o)
 .text.libgcc.fmul
                0x0000000000000000        0x0 /usr/lib/gcc/avr/4.8.1/avr5/libgcc.a(_copy_data.o)
 .text.libgcc.fixed
                0x0000000000000000        0x0 /usr/lib/gcc/avr/4.8.1/avr5/libgcc.a(_copy_data.o)
 .text          0x0000000000000000        0x0 /usr/lib/gcc/avr/4.8.1/avr5/libgcc.a(_clear_bss.o)
 .data          0x0000000000000000        0x0 /usr/lib/gcc/avr/4.8.1/avr5/libgcc.a(_clear_bss.o)
 .bss           0x0000000000000000        0x0 /usr/lib/gcc/avr/4.8.1/avr5/libgcc.a(_clear_bss.o)
 .text.libgcc.mul
                0x0000000000000000        0x0 /usr/lib/gcc/avr/4.8.1/avr5/libgcc.a(_clear_bss.o)
 .text.libgcc.div
                0x0000000000000000        0x0 /usr/lib/gcc/avr/4.8.1/avr5/libgcc.a(_clear_bss.o)
 .text.libgcc   0x0000000000000000        0x0 /usr/lib/gcc/avr/4.8.1/avr5/libgcc.a(_clear_bss.o)
 .text.libgcc.prologue
                0x0000000000000000        0x0 /usr/lib/gcc/avr/4.8.1/avr5/libgcc.a(_clear_bss.o)
 .text.libgcc.builtins
                0x0000000000000000        0x0 /usr/lib/gcc/avr/4.8.1/avr5/libgcc.a(_clear_bss.o)
 .text.libgcc.fmul
                0x0000000000000000        0x0 /usr/lib/gcc/avr/4.8.1/avr5/libgcc.a(_clear_bss.o)
 .text.libgcc.fixed
                0x0000000000000000        0x0 /usr/lib/gcc/avr/4.8.1/avr5/libgcc.a(_clear_bss.o)

Memory Configuration

Name             Origin             Length             Attributes
text             0x0000000000000000 0x0000000000020000 xr
data             0x0000000000800060 0x000000000000ffa0 rw !x
eeprom           0x0000000000810000 0x0000000000010000 rw !x
fuse             0x0000000000820000 0x0000000000000400 rw !x
lock             0x0000000000830000 0x0000000000000400 rw !x
signature        0x0000000000840000 0x0000000000000400 rw !x
user_signatures  0x0000000000850000 0x0000000000000400 rw !x
*default*        0x0000000000000000 0xffffffffffffffff

Linker script and memory map

Address of section .data set to 0x800100
LOAD /usr/lib/gcc/avr/4.8.1/../../../avr/lib/avr5/crtm328p.o
LOAD ./main.o
LOAD /home/charles/arduino/ArduinoUnoFreeRTOS/Release/libArduinoUnoFreeRTOS.a
LOAD /usr/lib/gcc/avr/4.8.1/avr5/libgcc.a
LOAD /usr/lib/gcc/avr/4.8.1/../../../avr/lib/avr5/libm.a
START GROUP
LOAD /usr/lib/gcc/avr/4.8.1/avr5/libgcc.a
LOAD /usr/lib/gcc/avr/4.8.1/../../../avr/lib/avr5/libm.a
LOAD /usr/lib/gcc/avr/4.8.1/../../../avr/lib/avr5/libc.a
END GROUP

.hash
 *(.hash)

.dynsym
 *(.dynsym)

.dynstr
 *(.dynstr)

.gnu.version
 *(.gnu.version)

.gnu.version_d
 *(.gnu.version_d)

.gnu.version_r
 *(.gnu.version_r)

.rel.init
 *(.rel.init)

.rela.init
 *(.rela.init)

.rel.text
 *(.rel.text)
 *(.rel.text.*)
 *(.rel.gnu.linkonce.t*)

.rela.text
 *(.rela.text)
 *(.rela.text.*)
 *(.rela.gnu.linkonce.t*)

.rel.fini
 *(.rel.fini)

.rela.fini
 *(.rela.fini)

.rel.rodata
 *(.rel.rodata)
 *(.rel.rodata.*)
 *(.rel.gnu.linkonce.r*)

.rela.rodata
 *(.rela.rodata)
 *(.rela.rodata.*)
 *(.rela.gnu.linkonce.r*)

.rel.data
 *(.rel.data)
 *(.rel.data.*)
 *(.rel.gnu.linkonce.d*)

.rela.data
 *(.rela.data)
 *(.rela.data.*)
 *(.rela.gnu.linkonce.d*)

.rel.ctors
 *(.rel.ctors)

.rela.ctors
 *(.rela.ctors)

.rel.dtors
 *(.rel.dtors)

.rela.dtors
 *(.rela.dtors)

.rel.got
 *(.rel.got)

.rela.got
 *(.rela.got)

.rel.bss
 *(.rel.bss)

.rela.bss
 *(.rela.bss)

.rel.plt
 *(.rel.plt)

.rela.plt
 *(.rela.plt)

.text           0x0000000000000000      0xb8c
 *(.vectors)
 .vectors       0x0000000000000000       0x68 /usr/lib/gcc/avr/4.8.1/../../../avr/lib/avr5/crtm328p.o
                0x0000000000000000                __vectors
                0x0000000000000000                __vector_default
 *(.vectors)
 *(.progmem.gcc*)
                0x0000000000000068                . = ALIGN (0x2)
                0x0000000000000068                __trampolines_start = .
 *(.trampolines)
 .trampolines   0x0000000000000068        0x0 linker stubs
 *(.trampolines*)
                0x0000000000000068                __trampolines_end = .
 *(.progmem*)
                0x0000000000000068                . = ALIGN (0x2)
 *(.jumptables)
 *(.jumptables*)
 *(.lowtext)
 *(.lowtext*)
                0x0000000000000068                __ctors_start = .
 *(.ctors)
                0x0000000000000068                __ctors_end = .
                0x0000000000000068                __dtors_start = .
 *(.dtors)
                0x0000000000000068                __dtors_end = .
 SORT(*)(.ctors)
 SORT(*)(.dtors)
 *(.init0)
 .init0         0x0000000000000068        0x0 /usr/lib/gcc/avr/4.8.1/../../../avr/lib/avr5/crtm328p.o
                0x0000000000000068                __init
 *(.init0)
 *(.init1)
 *(.init1)
 *(.init2)
 .init2         0x0000000000000068        0xc /usr/lib/gcc/avr/4.8.1/../../../avr/lib/avr5/crtm328p.o
 *(.init2)
 *(.init3)
 *(.init3)
 *(.init4)
 .init4         0x0000000000000074       0x16 /usr/lib/gcc/avr/4.8.1/avr5/libgcc.a(_copy_data.o)
                0x0000000000000074                __do_copy_data
 .init4         0x000000000000008a       0x10 /usr/lib/gcc/avr/4.8.1/avr5/libgcc.a(_clear_bss.o)
                0x000000000000008a                __do_clear_bss
 *(.init4)
 *(.init5)
 *(.init5)
 *(.init6)
 *(.init6)
 *(.init7)
 *(.init7)
 *(.init8)
 *(.init8)
 *(.init9)
 .init9         0x000000000000009a        0x4 /usr/lib/gcc/avr/4.8.1/../../../avr/lib/avr5/crtm328p.o
 *(.init9)
 *(.text)
 .text          0x000000000000009e        0x2 /usr/lib/gcc/avr/4.8.1/../../../avr/lib/avr5/crtm328p.o
                0x000000000000009e                __vector_22
                0x000000000000009e                __vector_1
                0x000000000000009e                __vector_24
                0x000000000000009e                __vector_12
                0x000000000000009e                __bad_interrupt
                0x000000000000009e                __vector_6
                0x000000000000009e                __vector_3
                0x000000000000009e                __vector_23
                0x000000000000009e                __vector_25
                0x000000000000009e                __vector_13
                0x000000000000009e                __vector_17
                0x000000000000009e                __vector_19
                0x000000000000009e                __vector_7
                0x000000000000009e                __vector_5
                0x000000000000009e                __vector_4
                0x000000000000009e                __vector_9
                0x000000000000009e                __vector_2
                0x000000000000009e                __vector_21
                0x000000000000009e                __vector_15
                0x000000000000009e                __vector_8
                0x000000000000009e                __vector_14
                0x000000000000009e                __vector_10
                0x000000000000009e                __vector_16
                0x000000000000009e                __vector_18
                0x000000000000009e                __vector_20
                0x00000000000000a0                . = ALIGN (0x2)
 *(.text.*)
 .text._ZL17TaskBlinkGreenLEDPv
                0x00000000000000a0       0x2c ./main.o
 .text.startup.main
                0x00000000000000cc       0x24 ./main.o
                0x00000000000000cc                main
 .text.prvResetNextTaskUnblockTime
                0x00000000000000f0       0x36 /home/charles/arduino/ArduinoUnoFreeRTOS/Release/libArduinoUnoFreeRTOS.a(tasks.o)
 .text.prvAddCurrentTaskToDelayedList
                0x0000000000000126       0x64 /home/charles/arduino/ArduinoUnoFreeRTOS/Release/libArduinoUnoFreeRTOS.a(tasks.o)
 .text.xTaskGenericCreate
                0x000000000000018a      0x1d6 /home/charles/arduino/ArduinoUnoFreeRTOS/Release/libArduinoUnoFreeRTOS.a(tasks.o)
                0x000000000000018a                xTaskGenericCreate
 .text.vTaskStartScheduler
                0x0000000000000360       0x60 /home/charles/arduino/ArduinoUnoFreeRTOS/Release/libArduinoUnoFreeRTOS.a(tasks.o)
                0x0000000000000360                vTaskStartScheduler
 .text.vTaskSuspendAll
                0x00000000000003c0        0xc /home/charles/arduino/ArduinoUnoFreeRTOS/Release/libArduinoUnoFreeRTOS.a(tasks.o)
                0x00000000000003c0                vTaskSuspendAll
 .text.xTaskGetTickCount
                0x00000000000003cc       0x14 /home/charles/arduino/ArduinoUnoFreeRTOS/Release/libArduinoUnoFreeRTOS.a(tasks.o)
                0x00000000000003cc                xTaskGetTickCount
 .text.xTaskIncrementTick
                0x00000000000003e0      0x158 /home/charles/arduino/ArduinoUnoFreeRTOS/Release/libArduinoUnoFreeRTOS.a(tasks.o)
                0x00000000000003e0                xTaskIncrementTick
 .text.xTaskResumeAll
                0x0000000000000538       0xd6 /home/charles/arduino/ArduinoUnoFreeRTOS/Release/libArduinoUnoFreeRTOS.a(tasks.o)
                0x0000000000000538                xTaskResumeAll
 .text.vTaskDelayUntil
                0x000000000000060e       0x6c /home/charles/arduino/ArduinoUnoFreeRTOS/Release/libArduinoUnoFreeRTOS.a(tasks.o)
                0x000000000000060e                vTaskDelayUntil
 .text.prvIdleTask
                0x000000000000067a       0x5c /home/charles/arduino/ArduinoUnoFreeRTOS/Release/libArduinoUnoFreeRTOS.a(tasks.o)
 .text.vTaskSwitchContext
                0x00000000000006d6       0x80 /home/charles/arduino/ArduinoUnoFreeRTOS/Release/libArduinoUnoFreeRTOS.a(tasks.o)
                0x00000000000006d6                vTaskSwitchContext
 .text.pvPortMalloc
                0x0000000000000756       0x60 /home/charles/arduino/ArduinoUnoFreeRTOS/Release/libArduinoUnoFreeRTOS.a(heap_1.o)
                0x0000000000000756                pvPortMalloc
 .text.vPortFree
                0x00000000000007b6        0x2 /home/charles/arduino/ArduinoUnoFreeRTOS/Release/libArduinoUnoFreeRTOS.a(heap_1.o)
                0x00000000000007b6                vPortFree
 .text.pxPortInitialiseStack
                0x00000000000007b8       0xd8 /home/charles/arduino/ArduinoUnoFreeRTOS/Release/libArduinoUnoFreeRTOS.a(port.o)
                0x00000000000007b8                pxPortInitialiseStack
 .text.xPortStartScheduler
                0x0000000000000890       0x74 /home/charles/arduino/ArduinoUnoFreeRTOS/Release/libArduinoUnoFreeRTOS.a(port.o)
                0x0000000000000890                xPortStartScheduler
 .text.vPortYield
                0x0000000000000904       0xb0 /home/charles/arduino/ArduinoUnoFreeRTOS/Release/libArduinoUnoFreeRTOS.a(port.o)
                0x0000000000000904                vPortYield
 .text.vPortYieldFromTick
                0x00000000000009b4       0xb4 /home/charles/arduino/ArduinoUnoFreeRTOS/Release/libArduinoUnoFreeRTOS.a(port.o)
                0x00000000000009b4                vPortYieldFromTick
 .text.__vector_11
                0x0000000000000a68        0x4 /home/charles/arduino/ArduinoUnoFreeRTOS/Release/libArduinoUnoFreeRTOS.a(port.o)
                0x0000000000000a68                __vector_11
 .text.vListInitialise
                0x0000000000000a6c       0x1c /home/charles/arduino/ArduinoUnoFreeRTOS/Release/libArduinoUnoFreeRTOS.a(list.o)
                0x0000000000000a6c                vListInitialise
 .text.vListInitialiseItem
                0x0000000000000a88        0x8 /home/charles/arduino/ArduinoUnoFreeRTOS/Release/libArduinoUnoFreeRTOS.a(list.o)
                0x0000000000000a88                vListInitialiseItem
 .text.vListInsertEnd
                0x0000000000000a90       0x42 /home/charles/arduino/ArduinoUnoFreeRTOS/Release/libArduinoUnoFreeRTOS.a(list.o)
                0x0000000000000a90                vListInsertEnd
 .text.vListInsert
                0x0000000000000ad2       0x70 /home/charles/arduino/ArduinoUnoFreeRTOS/Release/libArduinoUnoFreeRTOS.a(list.o)
                0x0000000000000ad2                vListInsert
 .text.uxListRemove
                0x0000000000000b42       0x46 /home/charles/arduino/ArduinoUnoFreeRTOS/Release/libArduinoUnoFreeRTOS.a(list.o)
                0x0000000000000b42                uxListRemove
                0x0000000000000b88                . = ALIGN (0x2)
 *(.fini9)
 .fini9         0x0000000000000b88        0x0 /usr/lib/gcc/avr/4.8.1/avr5/libgcc.a(_exit.o)
                0x0000000000000b88                exit
                0x0000000000000b88                _exit
 *(.fini9)
 *(.fini8)
 *(.fini8)
 *(.fini7)
 *(.fini7)
 *(.fini6)
 *(.fini6)
 *(.fini5)
 *(.fini5)
 *(.fini4)
 *(.fini4)
 *(.fini3)
 *(.fini3)
 *(.fini2)
 *(.fini2)
 *(.fini1)
 *(.fini1)
 *(.fini0)
 .fini0         0x0000000000000b88        0x4 /usr/lib/gcc/avr/4.8.1/avr5/libgcc.a(_exit.o)
 *(.fini0)
                0x0000000000000b8c                _etext = .

.data           0x0000000000800100       0x10 load address 0x0000000000000b8c
                0x0000000000800100                PROVIDE (__data_start, .)
 *(.data)
 *(.data*)
 .data.xNextTaskUnblockTime
                0x0000000000800100        0x2 /home/charles/arduino/ArduinoUnoFreeRTOS/Release/libArduinoUnoFreeRTOS.a(tasks.o)
 *(.rodata)
 *(.rodata*)
 .rodata.str1.1
                0x0000000000800102        0x9 ./main.o
 .rodata.str1.1
                0x000000000080010b        0x5 /home/charles/arduino/ArduinoUnoFreeRTOS/Release/libArduinoUnoFreeRTOS.a(tasks.o)
 *(.gnu.linkonce.d*)
                0x0000000000800110                . = ALIGN (0x2)
                0x0000000000800110                _edata = .
                0x0000000000800110                PROVIDE (__data_end, .)

.bss            0x0000000000800110      0x639
                0x0000000000800110                PROVIDE (__bss_start, .)
 *(.bss)
 *(.bss*)
 .bss.uxSchedulerSuspended
                0x0000000000800110        0x1 /home/charles/arduino/ArduinoUnoFreeRTOS/Release/libArduinoUnoFreeRTOS.a(tasks.o)
 .bss.uxTaskNumber
                0x0000000000800111        0x1 /home/charles/arduino/ArduinoUnoFreeRTOS/Release/libArduinoUnoFreeRTOS.a(tasks.o)
 .bss.xNumOfOverflows
                0x0000000000800112        0x1 /home/charles/arduino/ArduinoUnoFreeRTOS/Release/libArduinoUnoFreeRTOS.a(tasks.o)
 .bss.xYieldPending
                0x0000000000800113        0x1 /home/charles/arduino/ArduinoUnoFreeRTOS/Release/libArduinoUnoFreeRTOS.a(tasks.o)
 .bss.uxPendedTicks
                0x0000000000800114        0x1 /home/charles/arduino/ArduinoUnoFreeRTOS/Release/libArduinoUnoFreeRTOS.a(tasks.o)
 .bss.xSchedulerRunning
                0x0000000000800115        0x1 /home/charles/arduino/ArduinoUnoFreeRTOS/Release/libArduinoUnoFreeRTOS.a(tasks.o)
 .bss.uxTopReadyPriority
                0x0000000000800116        0x1 /home/charles/arduino/ArduinoUnoFreeRTOS/Release/libArduinoUnoFreeRTOS.a(tasks.o)
 .bss.xTickCount
                0x0000000000800117        0x2 /home/charles/arduino/ArduinoUnoFreeRTOS/Release/libArduinoUnoFreeRTOS.a(tasks.o)
 .bss.uxCurrentNumberOfTasks
                0x0000000000800119        0x1 /home/charles/arduino/ArduinoUnoFreeRTOS/Release/libArduinoUnoFreeRTOS.a(tasks.o)
 .bss.uxTasksDeleted
                0x000000000080011a        0x1 /home/charles/arduino/ArduinoUnoFreeRTOS/Release/libArduinoUnoFreeRTOS.a(tasks.o)
 .bss.xTasksWaitingTermination
                0x000000000080011b        0x9 /home/charles/arduino/ArduinoUnoFreeRTOS/Release/libArduinoUnoFreeRTOS.a(tasks.o)
 .bss.xPendingReadyList
                0x0000000000800124        0x9 /home/charles/arduino/ArduinoUnoFreeRTOS/Release/libArduinoUnoFreeRTOS.a(tasks.o)
 .bss.pxOverflowDelayedTaskList
                0x000000000080012d        0x2 /home/charles/arduino/ArduinoUnoFreeRTOS/Release/libArduinoUnoFreeRTOS.a(tasks.o)
 .bss.pxDelayedTaskList
                0x000000000080012f        0x2 /home/charles/arduino/ArduinoUnoFreeRTOS/Release/libArduinoUnoFreeRTOS.a(tasks.o)
 .bss.xDelayedTaskList2
                0x0000000000800131        0x9 /home/charles/arduino/ArduinoUnoFreeRTOS/Release/libArduinoUnoFreeRTOS.a(tasks.o)
 .bss.xDelayedTaskList1
                0x000000000080013a        0x9 /home/charles/arduino/ArduinoUnoFreeRTOS/Release/libArduinoUnoFreeRTOS.a(tasks.o)
 .bss.pxReadyTasksLists
                0x0000000000800143       0x24 /home/charles/arduino/ArduinoUnoFreeRTOS/Release/libArduinoUnoFreeRTOS.a(tasks.o)
 .bss.pxCurrentTCB
                0x0000000000800167        0x2 /home/charles/arduino/ArduinoUnoFreeRTOS/Release/libArduinoUnoFreeRTOS.a(tasks.o)
                0x0000000000800167                pxCurrentTCB
 .bss.pucAlignedHeap.1898
                0x0000000000800169        0x2 /home/charles/arduino/ArduinoUnoFreeRTOS/Release/libArduinoUnoFreeRTOS.a(heap_1.o)
 .bss.xNextFreeByte
                0x000000000080016b        0x2 /home/charles/arduino/ArduinoUnoFreeRTOS/Release/libArduinoUnoFreeRTOS.a(heap_1.o)
 .bss.ucHeap    0x000000000080016d      0x5dc /home/charles/arduino/ArduinoUnoFreeRTOS/Release/libArduinoUnoFreeRTOS.a(heap_1.o)
 *(COMMON)
                0x0000000000800749                PROVIDE (__bss_end, .)
                0x0000000000000b8c                __data_load_start = LOADADDR (.data)
                0x0000000000000b9c                __data_load_end = (__data_load_start + SIZEOF (.data))

.noinit         0x0000000000800749        0x0
                0x0000000000800749                PROVIDE (__noinit_start, .)
 *(.noinit*)
                0x0000000000800749                PROVIDE (__noinit_end, .)
                0x0000000000800749                _end = .
                0x0000000000800749                PROVIDE (__heap_start, .)

.eeprom         0x0000000000810000        0x0
 *(.eeprom*)
                0x0000000000810000                __eeprom_end = .

.fuse
 *(.fuse)
 *(.lfuse)
 *(.hfuse)
 *(.efuse)

.lock
 *(.lock*)

.signature
 *(.signature*)

.user_signatures
 *(.user_signatures*)

.stab
 *(.stab)

.stabstr
 *(.stabstr)

.stab.excl
 *(.stab.excl)

.stab.exclstr
 *(.stab.exclstr)

.stab.index
 *(.stab.index)

.stab.indexstr
 *(.stab.indexstr)

.comment        0x0000000000000000       0x11
 *(.comment)
 .comment       0x0000000000000000       0x11 ./main.o
                                         0x12 (size before relaxing)
 .comment       0x0000000000000000       0x12 /home/charles/arduino/ArduinoUnoFreeRTOS/Release/libArduinoUnoFreeRTOS.a(tasks.o)
 .comment       0x0000000000000000       0x12 /home/charles/arduino/ArduinoUnoFreeRTOS/Release/libArduinoUnoFreeRTOS.a(heap_1.o)
 .comment       0x0000000000000000       0x12 /home/charles/arduino/ArduinoUnoFreeRTOS/Release/libArduinoUnoFreeRTOS.a(port.o)
 .comment       0x0000000000000000       0x12 /home/charles/arduino/ArduinoUnoFreeRTOS/Release/libArduinoUnoFreeRTOS.a(list.o)

.note.gnu.build-id
 *(.note.gnu.build-id)

.debug
 *(.debug)

.line
 *(.line)

.debug_srcinfo
 *(.debug_srcinfo)

.debug_sfnames
 *(.debug_sfnames)

.debug_aranges
 *(.debug_aranges)

.debug_pubnames
 *(.debug_pubnames)

.debug_info
 *(.debug_info .gnu.linkonce.wi.*)

.debug_abbrev
 *(.debug_abbrev)

.debug_line
 *(.debug_line .debug_line.* .debug_line_end)

.debug_frame
 *(.debug_frame)

.debug_str
 *(.debug_str)

.debug_loc
 *(.debug_loc)

.debug_macinfo
 *(.debug_macinfo)

.debug_weaknames
 *(.debug_weaknames)

.debug_funcnames
 *(.debug_funcnames)

.debug_typenames
 *(.debug_typenames)

.debug_varnames
 *(.debug_varnames)

.debug_pubtypes
 *(.debug_pubtypes)

.debug_ranges
 *(.debug_ranges)

.debug_macro
 *(.debug_macro)
OUTPUT(BlinkRTOS.elf elf32-avr)
LOAD linker stubs

Cross Reference Table

Symbol                                            File
__bad_interrupt                                   /usr/lib/gcc/avr/4.8.1/../../../avr/lib/avr5/crtm328p.o
__bss_end                                         /usr/lib/gcc/avr/4.8.1/avr5/libgcc.a(_clear_bss.o)
__bss_start                                       /usr/lib/gcc/avr/4.8.1/avr5/libgcc.a(_clear_bss.o)
__data_end                                        /usr/lib/gcc/avr/4.8.1/avr5/libgcc.a(_copy_data.o)
__data_load_start                                 /usr/lib/gcc/avr/4.8.1/avr5/libgcc.a(_copy_data.o)
__data_start                                      /usr/lib/gcc/avr/4.8.1/avr5/libgcc.a(_copy_data.o)
__do_clear_bss                                    /usr/lib/gcc/avr/4.8.1/avr5/libgcc.a(_clear_bss.o)
                                                  /home/charles/arduino/ArduinoUnoFreeRTOS/Release/libArduinoUnoFreeRTOS.a(heap_1.o)
                                                  /home/charles/arduino/ArduinoUnoFreeRTOS/Release/libArduinoUnoFreeRTOS.a(tasks.o)
__do_copy_data                                    /usr/lib/gcc/avr/4.8.1/avr5/libgcc.a(_copy_data.o)
                                                  /home/charles/arduino/ArduinoUnoFreeRTOS/Release/libArduinoUnoFreeRTOS.a(tasks.o)
                                                  ./main.o
__heap_end                                        /usr/lib/gcc/avr/4.8.1/../../../avr/lib/avr5/crtm328p.o
__init                                            /usr/lib/gcc/avr/4.8.1/../../../avr/lib/avr5/crtm328p.o
__stack                                           /usr/lib/gcc/avr/4.8.1/../../../avr/lib/avr5/crtm328p.o
__vector_1                                        /usr/lib/gcc/avr/4.8.1/../../../avr/lib/avr5/crtm328p.o
__vector_10                                       /usr/lib/gcc/avr/4.8.1/../../../avr/lib/avr5/crtm328p.o
__vector_11                                       /home/charles/arduino/ArduinoUnoFreeRTOS/Release/libArduinoUnoFreeRTOS.a(port.o)
                                                  /usr/lib/gcc/avr/4.8.1/../../../avr/lib/avr5/crtm328p.o
__vector_12                                       /usr/lib/gcc/avr/4.8.1/../../../avr/lib/avr5/crtm328p.o
__vector_13                                       /usr/lib/gcc/avr/4.8.1/../../../avr/lib/avr5/crtm328p.o
__vector_14                                       /usr/lib/gcc/avr/4.8.1/../../../avr/lib/avr5/crtm328p.o
__vector_15                                       /usr/lib/gcc/avr/4.8.1/../../../avr/lib/avr5/crtm328p.o
__vector_16                                       /usr/lib/gcc/avr/4.8.1/../../../avr/lib/avr5/crtm328p.o
__vector_17                                       /usr/lib/gcc/avr/4.8.1/../../../avr/lib/avr5/crtm328p.o
__vector_18                                       /usr/lib/gcc/avr/4.8.1/../../../avr/lib/avr5/crtm328p.o
__vector_19                                       /usr/lib/gcc/avr/4.8.1/../../../avr/lib/avr5/crtm328p.o
__vector_2                                        /usr/lib/gcc/avr/4.8.1/../../../avr/lib/avr5/crtm328p.o
__vector_20                                       /usr/lib/gcc/avr/4.8.1/../../../avr/lib/avr5/crtm328p.o
__vector_21                                       /usr/lib/gcc/avr/4.8.1/../../../avr/lib/avr5/crtm328p.o
__vector_22                                       /usr/lib/gcc/avr/4.8.1/../../../avr/lib/avr5/crtm328p.o
__vector_23                                       /usr/lib/gcc/avr/4.8.1/../../../avr/lib/avr5/crtm328p.o
__vector_24                                       /usr/lib/gcc/avr/4.8.1/../../../avr/lib/avr5/crtm328p.o
__vector_25                                       /usr/lib/gcc/avr/4.8.1/../../../avr/lib/avr5/crtm328p.o
__vector_3                                        /usr/lib/gcc/avr/4.8.1/../../../avr/lib/avr5/crtm328p.o
__vector_4                                        /usr/lib/gcc/avr/4.8.1/../../../avr/lib/avr5/crtm328p.o
__vector_5                                        /usr/lib/gcc/avr/4.8.1/../../../avr/lib/avr5/crtm328p.o
__vector_6                                        /usr/lib/gcc/avr/4.8.1/../../../avr/lib/avr5/crtm328p.o
__vector_7                                        /usr/lib/gcc/avr/4.8.1/../../../avr/lib/avr5/crtm328p.o
__vector_8                                        /usr/lib/gcc/avr/4.8.1/../../../avr/lib/avr5/crtm328p.o
__vector_9                                        /usr/lib/gcc/avr/4.8.1/../../../avr/lib/avr5/crtm328p.o
__vector_default                                  /usr/lib/gcc/avr/4.8.1/../../../avr/lib/avr5/crtm328p.o
__vectors                                         /usr/lib/gcc/avr/4.8.1/../../../avr/lib/avr5/crtm328p.o
_exit                                             /usr/lib/gcc/avr/4.8.1/avr5/libgcc.a(_exit.o)
exit                                              /usr/lib/gcc/avr/4.8.1/avr5/libgcc.a(_exit.o)
                                                  /usr/lib/gcc/avr/4.8.1/../../../avr/lib/avr5/crtm328p.o
main                                              ./main.o
                                                  /usr/lib/gcc/avr/4.8.1/../../../avr/lib/avr5/crtm328p.o
pvPortMalloc                                      /home/charles/arduino/ArduinoUnoFreeRTOS/Release/libArduinoUnoFreeRTOS.a(heap_1.o)
                                                  /home/charles/arduino/ArduinoUnoFreeRTOS/Release/libArduinoUnoFreeRTOS.a(tasks.o)
pxCurrentTCB                                      /home/charles/arduino/ArduinoUnoFreeRTOS/Release/libArduinoUnoFreeRTOS.a(tasks.o)
                                                  /home/charles/arduino/ArduinoUnoFreeRTOS/Release/libArduinoUnoFreeRTOS.a(port.o)
pxPortInitialiseStack                             /home/charles/arduino/ArduinoUnoFreeRTOS/Release/libArduinoUnoFreeRTOS.a(port.o)
                                                  /home/charles/arduino/ArduinoUnoFreeRTOS/Release/libArduinoUnoFreeRTOS.a(tasks.o)
ulTaskNotifyTake                                  /home/charles/arduino/ArduinoUnoFreeRTOS/Release/libArduinoUnoFreeRTOS.a(tasks.o)
uxListRemove                                      /home/charles/arduino/ArduinoUnoFreeRTOS/Release/libArduinoUnoFreeRTOS.a(list.o)
                                                  /home/charles/arduino/ArduinoUnoFreeRTOS/Release/libArduinoUnoFreeRTOS.a(tasks.o)
uxTaskGetNumberOfTasks                            /home/charles/arduino/ArduinoUnoFreeRTOS/Release/libArduinoUnoFreeRTOS.a(tasks.o)
uxTaskResetEventItemValue                         /home/charles/arduino/ArduinoUnoFreeRTOS/Release/libArduinoUnoFreeRTOS.a(tasks.o)
vApplicationStackOverflowHook(void*, char*)       ./main.o
vListInitialise                                   /home/charles/arduino/ArduinoUnoFreeRTOS/Release/libArduinoUnoFreeRTOS.a(list.o)
                                                  /home/charles/arduino/ArduinoUnoFreeRTOS/Release/libArduinoUnoFreeRTOS.a(tasks.o)
vListInitialiseItem                               /home/charles/arduino/ArduinoUnoFreeRTOS/Release/libArduinoUnoFreeRTOS.a(list.o)
                                                  /home/charles/arduino/ArduinoUnoFreeRTOS/Release/libArduinoUnoFreeRTOS.a(tasks.o)
vListInsert                                       /home/charles/arduino/ArduinoUnoFreeRTOS/Release/libArduinoUnoFreeRTOS.a(list.o)
                                                  /home/charles/arduino/ArduinoUnoFreeRTOS/Release/libArduinoUnoFreeRTOS.a(tasks.o)
vListInsertEnd                                    /home/charles/arduino/ArduinoUnoFreeRTOS/Release/libArduinoUnoFreeRTOS.a(list.o)
                                                  /home/charles/arduino/ArduinoUnoFreeRTOS/Release/libArduinoUnoFreeRTOS.a(tasks.o)
vPortEndScheduler                                 /home/charles/arduino/ArduinoUnoFreeRTOS/Release/libArduinoUnoFreeRTOS.a(port.o)
                                                  /home/charles/arduino/ArduinoUnoFreeRTOS/Release/libArduinoUnoFreeRTOS.a(tasks.o)
vPortFree                                         /home/charles/arduino/ArduinoUnoFreeRTOS/Release/libArduinoUnoFreeRTOS.a(heap_1.o)
                                                  /home/charles/arduino/ArduinoUnoFreeRTOS/Release/libArduinoUnoFreeRTOS.a(tasks.o)
vPortInitialiseBlocks                             /home/charles/arduino/ArduinoUnoFreeRTOS/Release/libArduinoUnoFreeRTOS.a(heap_1.o)
vPortYield                                        /home/charles/arduino/ArduinoUnoFreeRTOS/Release/libArduinoUnoFreeRTOS.a(port.o)
                                                  /home/charles/arduino/ArduinoUnoFreeRTOS/Release/libArduinoUnoFreeRTOS.a(tasks.o)
vPortYieldFromTick                                /home/charles/arduino/ArduinoUnoFreeRTOS/Release/libArduinoUnoFreeRTOS.a(port.o)
vTaskDelay                                        /home/charles/arduino/ArduinoUnoFreeRTOS/Release/libArduinoUnoFreeRTOS.a(tasks.o)
vTaskDelayUntil                                   /home/charles/arduino/ArduinoUnoFreeRTOS/Release/libArduinoUnoFreeRTOS.a(tasks.o)
                                                  ./main.o
vTaskDelete                                       /home/charles/arduino/ArduinoUnoFreeRTOS/Release/libArduinoUnoFreeRTOS.a(tasks.o)
vTaskEndScheduler                                 /home/charles/arduino/ArduinoUnoFreeRTOS/Release/libArduinoUnoFreeRTOS.a(tasks.o)
vTaskMissedYield                                  /home/charles/arduino/ArduinoUnoFreeRTOS/Release/libArduinoUnoFreeRTOS.a(tasks.o)
vTaskNotifyGiveFromISR                            /home/charles/arduino/ArduinoUnoFreeRTOS/Release/libArduinoUnoFreeRTOS.a(tasks.o)
vTaskPlaceOnEventList                             /home/charles/arduino/ArduinoUnoFreeRTOS/Release/libArduinoUnoFreeRTOS.a(tasks.o)
vTaskPlaceOnUnorderedEventList                    /home/charles/arduino/ArduinoUnoFreeRTOS/Release/libArduinoUnoFreeRTOS.a(tasks.o)
vTaskSetTimeOutState                              /home/charles/arduino/ArduinoUnoFreeRTOS/Release/libArduinoUnoFreeRTOS.a(tasks.o)
vTaskStartScheduler                               /home/charles/arduino/ArduinoUnoFreeRTOS/Release/libArduinoUnoFreeRTOS.a(tasks.o)
                                                  ./main.o
vTaskSuspendAll                                   /home/charles/arduino/ArduinoUnoFreeRTOS/Release/libArduinoUnoFreeRTOS.a(tasks.o)
                                                  /home/charles/arduino/ArduinoUnoFreeRTOS/Release/libArduinoUnoFreeRTOS.a(heap_1.o)
vTaskSwitchContext                                /home/charles/arduino/ArduinoUnoFreeRTOS/Release/libArduinoUnoFreeRTOS.a(tasks.o)
                                                  /home/charles/arduino/ArduinoUnoFreeRTOS/Release/libArduinoUnoFreeRTOS.a(port.o)
xPortGetFreeHeapSize                              /home/charles/arduino/ArduinoUnoFreeRTOS/Release/libArduinoUnoFreeRTOS.a(heap_1.o)
xPortStartScheduler                               /home/charles/arduino/ArduinoUnoFreeRTOS/Release/libArduinoUnoFreeRTOS.a(port.o)
                                                  /home/charles/arduino/ArduinoUnoFreeRTOS/Release/libArduinoUnoFreeRTOS.a(tasks.o)
xTaskCheckForTimeOut                              /home/charles/arduino/ArduinoUnoFreeRTOS/Release/libArduinoUnoFreeRTOS.a(tasks.o)
xTaskGenericCreate                                /home/charles/arduino/ArduinoUnoFreeRTOS/Release/libArduinoUnoFreeRTOS.a(tasks.o)
                                                  ./main.o
xTaskGenericNotify                                /home/charles/arduino/ArduinoUnoFreeRTOS/Release/libArduinoUnoFreeRTOS.a(tasks.o)
xTaskGetTickCount                                 /home/charles/arduino/ArduinoUnoFreeRTOS/Release/libArduinoUnoFreeRTOS.a(tasks.o)
                                                  ./main.o
xTaskGetTickCountFromISR                          /home/charles/arduino/ArduinoUnoFreeRTOS/Release/libArduinoUnoFreeRTOS.a(tasks.o)
xTaskIncrementTick                                /home/charles/arduino/ArduinoUnoFreeRTOS/Release/libArduinoUnoFreeRTOS.a(tasks.o)
                                                  /home/charles/arduino/ArduinoUnoFreeRTOS/Release/libArduinoUnoFreeRTOS.a(port.o)
xTaskNotifyFromISR                                /home/charles/arduino/ArduinoUnoFreeRTOS/Release/libArduinoUnoFreeRTOS.a(tasks.o)
xTaskNotifyWait                                   /home/charles/arduino/ArduinoUnoFreeRTOS/Release/libArduinoUnoFreeRTOS.a(tasks.o)
xTaskRemoveFromEventList                          /home/charles/arduino/ArduinoUnoFreeRTOS/Release/libArduinoUnoFreeRTOS.a(tasks.o)
xTaskRemoveFromUnorderedEventList                 /home/charles/arduino/ArduinoUnoFreeRTOS/Release/libArduinoUnoFreeRTOS.a(tasks.o)
xTaskResumeAll                                    /home/charles/arduino/ArduinoUnoFreeRTOS/Release/libArduinoUnoFreeRTOS.a(tasks.o)
                                                  /home/charles/arduino/ArduinoUnoFreeRTOS/Release/libArduinoUnoFreeRTOS.a(heap_1.o)
